--- Combined Log Started at 25-06-2026  0:10:45.44 ---
--- Run started at 25-06-2026  0:10:27.43 --- 
[25-06-2026  0:10:27.43] Running mvnw clean verify... 
[INFO] Scanning for projects...
[INFO] 
[INFO] -------------------< com.practise.java:fulfillguard >-------------------
[INFO] Building  0.0.1-SNAPSHOT
[INFO]   from pom.xml
[INFO] --------------------------------[ jar ]---------------------------------
[INFO] 
[INFO] --- clean:3.4.1:clean (default-clean) @ fulfillguard ---
[INFO] Deleting D:\Development\fullfillguard\target
[INFO] 
[INFO] --- resources:3.3.1:resources (default-resources) @ fulfillguard ---
[INFO] Copying 1 resource from src\main\resources to target\classes
[INFO] Copying 0 resource from src\main\resources to target\classes
[INFO] 
[INFO] --- compiler:3.14.1:compile (default-compile) @ fulfillguard ---
[INFO] Recompiling the module because of changed source code.
[INFO] Compiling 1 source file with javac [debug parameters release 21] to target\classes
[INFO] 
[INFO] --- resources:3.3.1:testResources (default-testResources) @ fulfillguard ---
[INFO] skip non existing resourceDirectory D:\Development\fullfillguard\src\test\resources
[INFO] 
[INFO] --- compiler:3.14.1:testCompile (default-testCompile) @ fulfillguard ---
[INFO] Recompiling the module because of changed dependency.
[INFO] Compiling 1 source file with javac [debug parameters release 21] to target\test-classes
[INFO] 
[INFO] --- surefire:3.5.6:test (default-test) @ fulfillguard ---
[INFO] Using auto detected provider org.apache.maven.surefire.junitplatform.JUnitPlatformProvider
[INFO] 
[INFO] -------------------------------------------------------
[INFO]  T E S T S
[INFO] -------------------------------------------------------
[INFO] Running io.github.preferablehuman.fulfillguard.FulfillGuardApplicationTests
00:10:31.593 [main] INFO org.springframework.test.context.support.AnnotationConfigContextLoaderUtils -- Could not detect default configuration classes for test class [io.github.preferablehuman.fulfillguard.FulfillGuardApplicationTests]: FulfillGuardApplicationTests does not declare any static, non-private, non-final, nested classes annotated with @Configuration.
00:10:31.667 [main] INFO org.springframework.boot.test.context.SpringBootTestContextBootstrapper -- Found @SpringBootConfiguration io.github.preferablehuman.fulfillguard.FulfillguardApplication for test class io.github.preferablehuman.fulfillguard.FulfillGuardApplicationTests

  .   ____          _            __ _ _
 /\\ / ___'_ __ _ _(_)_ __  __ _ \ \ \ \
( ( )\___ | '_ | '_| | '_ \/ _` | \ \ \ \
 \\/  ___)| |_)| | | | | || (_| |  ) ) ) )
  '  |____| .__|_| |_|_| |_\__, | / / / /
 =========|_|==============|___/=/_/_/_/

 :: Spring Boot ::               (v3.5.15)

2026-06-25T00:10:31.911+05:30  INFO 35968 --- [fulfillguard] [           main] i.g.p.f.FulfillGuardApplicationTests     : Starting FulfillGuardApplicationTests using Java 21.0.10 with PID 35968 (started by kunal in D:\Development\fullfillguard)
2026-06-25T00:10:31.912+05:30  INFO 35968 --- [fulfillguard] [           main] i.g.p.f.FulfillGuardApplicationTests     : No active profile set, falling back to 1 default profile: "default"
2026-06-25T00:10:32.861+05:30  INFO 35968 --- [fulfillguard] [           main] o.s.b.a.e.web.EndpointLinksResolver      : Exposing 1 endpoint beneath base path '/actuator'
2026-06-25T00:10:32.896+05:30  INFO 35968 --- [fulfillguard] [           main] i.g.p.f.FulfillGuardApplicationTests     : Started FulfillGuardApplicationTests in 1.143 seconds (process running for 1.815)
Mockito is currently self-attaching to enable the inline-mock-maker. This will no longer work in future releases of the JDK. Please add Mockito as an agent to your build as described in Mockito's documentation: https://javadoc.io/doc/org.mockito/mockito-core/latest/org.mockito/org/mockito/Mockito.html#0.3
Java HotSpot(TM) 64-Bit Server VM warning: Sharing is only supported for boot loader classes because bootstrap classpath has been appended
WARNING: A Java agent has been loaded dynamically (C:\Users\kunal\.m2\repository\net\bytebuddy\byte-buddy-agent\1.17.8\byte-buddy-agent-1.17.8.jar)
WARNING: If a serviceability tool is in use, please run with -XX:+EnableDynamicAgentLoading to hide this warning
WARNING: If a serviceability tool is not in use, please run with -Djdk.instrument.traceUsage for more information
WARNING: Dynamic loading of agents will be disallowed by default in a future release
[INFO] Tests run: 1, Failures: 0, Errors: 0, Skipped: 0, Time elapsed: 1.892 s -- in io.github.preferablehuman.fulfillguard.FulfillGuardApplicationTests
[INFO] 
[INFO] Results:
[INFO] 
[INFO] Tests run: 1, Failures: 0, Errors: 0, Skipped: 0
[INFO] 
[INFO] 
[INFO] --- jar:3.4.2:jar (default-jar) @ fulfillguard ---
[INFO] Building jar: D:\Development\fullfillguard\target\fulfillguard-0.0.1-SNAPSHOT.jar
[INFO] 
[INFO] --- spring-boot:3.5.15:repackage (repackage) @ fulfillguard ---
[INFO] Replacing main artifact D:\Development\fullfillguard\target\fulfillguard-0.0.1-SNAPSHOT.jar with repackaged archive, adding nested dependencies in BOOT-INF/.
[INFO] The original artifact has been renamed to D:\Development\fullfillguard\target\fulfillguard-0.0.1-SNAPSHOT.jar.original
[INFO] ------------------------------------------------------------------------
[INFO] BUILD SUCCESS
[INFO] ------------------------------------------------------------------------
[INFO] Total time:  4.589 s
[INFO] Finished at: 2026-06-25T00:10:34+05:30
[INFO] ------------------------------------------------------------------------
[25-06-2026  0:10:34.06] Starting Spring Boot application... 
[25-06-2026  0:10:44.20] Checking health endpoint... 
  % Total    % Received % Xferd  Average Speed  Time    Time    Time   Current
                                 Dload  Upload  Total   Spent   Left   Speed
  0      0   0      0   0      0      0      0                              0100     15   0     15   0      0    101      0                              0100     15   0     15   0      0    101      0                              0100     15   0     15   0      0    101      0                              0
{"status":"UP"}[25-06-2026  0:10:44.42] Killing Spring Boot process... 
SUCCESS: The process with PID 3496 has been terminated.
SUCCESS: The process with PID 34376 has been terminated.
SUCCESS: The process with PID 7172 has been terminated.
[25-06-2026  0:10:45.42] Merging logs... 

--- Spring Boot Output ---
--- Spring Boot log started at 25-06-2026  0:10:27.43 --- 
[INFO] Scanning for projects...
[INFO] 
[INFO] -------------------< com.practise.java:fulfillguard >-------------------
[INFO] Building  0.0.1-SNAPSHOT
[INFO]   from pom.xml
[INFO] --------------------------------[ jar ]---------------------------------
[INFO] 
[INFO] >>> spring-boot:3.5.15:run (default-cli) > test-compile @ fulfillguard >>>
[INFO] 
[INFO] --- resources:3.3.1:resources (default-resources) @ fulfillguard ---
[INFO] Copying 1 resource from src\main\resources to target\classes
[INFO] Copying 0 resource from src\main\resources to target\classes
[INFO] 
[INFO] --- compiler:3.14.1:compile (default-compile) @ fulfillguard ---
[INFO] Nothing to compile - all classes are up to date.
[INFO] 
[INFO] --- resources:3.3.1:testResources (default-testResources) @ fulfillguard ---
[INFO] skip non existing resourceDirectory D:\Development\fullfillguard\src\test\resources
[INFO] 
[INFO] --- compiler:3.14.1:testCompile (default-testCompile) @ fulfillguard ---
[INFO] Nothing to compile - all classes are up to date.
[INFO] 
[INFO] <<< spring-boot:3.5.15:run (default-cli) < test-compile @ fulfillguard <<<
[INFO] 
[INFO] 
[INFO] --- spring-boot:3.5.15:run (default-cli) @ fulfillguard ---
[INFO] Attaching agents: []

  .   ____          _            __ _ _
 /\\ / ___'_ __ _ _(_)_ __  __ _ \ \ \ \
( ( )\___ | '_ | '_| | '_ \/ _` | \ \ \ \
 \\/  ___)| |_)| | | | | || (_| |  ) ) ) )
  '  |____| .__|_| |_|_| |_\__, | / / / /
 =========|_|==============|___/=/_/_/_/

 :: Spring Boot ::               (v3.5.15)

2026-06-25T00:10:37.434+05:30  INFO 7172 --- [fulfillguard] [           main] i.g.p.f.FulfillguardApplication          : Starting FulfillguardApplication using Java 21.0.10 with PID 7172 (D:\Development\fullfillguard\target\classes started by kunal in D:\Development\fullfillguard)
2026-06-25T00:10:37.436+05:30  INFO 7172 --- [fulfillguard] [           main] i.g.p.f.FulfillguardApplication          : No active profile set, falling back to 1 default profile: "default"
2026-06-25T00:10:38.078+05:30  INFO 7172 --- [fulfillguard] [           main] o.s.b.w.embedded.tomcat.TomcatWebServer  : Tomcat initialized with port 8080 (http)
2026-06-25T00:10:38.091+05:30  INFO 7172 --- [fulfillguard] [           main] o.apache.catalina.core.StandardService   : Starting service [Tomcat]
2026-06-25T00:10:38.092+05:30  INFO 7172 --- [fulfillguard] [           main] o.apache.catalina.core.StandardEngine    : Starting Servlet engine: [Apache Tomcat/10.1.55]
2026-06-25T00:10:38.139+05:30  INFO 7172 --- [fulfillguard] [           main] o.a.c.c.C.[Tomcat].[localhost].[/]       : Initializing Spring embedded WebApplicationContext
2026-06-25T00:10:38.140+05:30  INFO 7172 --- [fulfillguard] [           main] w.s.c.ServletWebServerApplicationContext : Root WebApplicationContext: initialization completed in 685 ms
2026-06-25T00:10:38.555+05:30  INFO 7172 --- [fulfillguard] [           main] o.s.b.a.e.web.EndpointLinksResolver      : Exposing 1 endpoint beneath base path '/actuator'
2026-06-25T00:10:38.609+05:30  INFO 7172 --- [fulfillguard] [           main] o.s.b.w.embedded.tomcat.TomcatWebServer  : Tomcat started on port 8080 (http) with context path '/'
2026-06-25T00:10:38.618+05:30  INFO 7172 --- [fulfillguard] [           main] i.g.p.f.FulfillguardApplication          : Started FulfillguardApplication in 1.394 seconds (process running for 1.54)
2026-06-25T00:10:44.325+05:30  INFO 7172 --- [fulfillguard] [nio-8080-exec-1] o.a.c.c.C.[Tomcat].[localhost].[/]       : Initializing Spring DispatcherServlet 'dispatcherServlet'
2026-06-25T00:10:44.325+05:30  INFO 7172 --- [fulfillguard] [nio-8080-exec-1] o.s.web.servlet.DispatcherServlet        : Initializing Servlet 'dispatcherServlet'
2026-06-25T00:10:44.326+05:30  INFO 7172 --- [fulfillguard] [nio-8080-exec-1] o.s.web.servlet.DispatcherServlet        : Completed initialization in 1 ms

D:\Development\fullfillguard>--- Combined Log End ---
